// Jest Snapshot v1, https://goo.gl/fbAQLP

exports[`App routes snapShot: render nav bar 1`] = `
<DocumentFragment>
  <div
    class="App App--natural"
  >
    <nav
      class="navbar--grid navbar--natural"
    >
      <a
        class="nav-link nav__home__Link--flex"
        href="/"
      >
        <img
          alt="Home"
          class="nav-link icone nav__HomeIcone"
          src="SvgrURL"
        />
        <figcaption
          class="iconeTitle--blue nav__Home__title"
        >
          Home
        </figcaption>
      </a>
      <a
        class="nav-link nav__search__link--flex"
        href="/Search"
      >
        <img
          alt="Search"
          class="nav-link icone nav__search__image"
          src="SvgrURL"
        />
        <figcaption
          class="iconeTitle nav__search__title"
        >
          Search
        </figcaption>
      </a>
      <a
        class="nav-link nav__addBook--flex"
        href="/addBook"
      >
        <img
          alt="book"
          class="nav-link icone nav__addBook"
          src="SvgrURL"
        />
        <img
          alt="add"
          class="nav-link addIcone"
          src="SvgrURL"
        />
        <figcaption
          class="iconeTitle nav__AddBook__Title"
        >
          Add book
        </figcaption>
      </a>
      <div
        class="nav-link icone settingsIcone"
      >
        <img
          alt="Themes"
          class="nav-link"
          src="SvgrURL"
        />
        <figcaption
          class="iconeTitle nav__Settings__Title"
        >
          Themes
        </figcaption>
      </div>
    </nav>
    <h1
      class="Books__Loading--natural"
    >
      Loading...
    </h1>
  </div>
</DocumentFragment>
`;
