// Jest Snapshot v1, https://goo.gl/fbAQLP

exports[` snapchot: renders book title and author 1`] = `
<DocumentFragment>
  <div
    class="bookcard--grid"
  >
    <header
      class="bookcard--header"
    >
      <button
        class=" button booktitle--trashbutton"
        type="submit"
      >
        <img
          alt="delete"
          class="icone bookcard--iconeTrash"
          src="SvgrURL"
        />
      </button>
      <textarea
        class="booktitle "
        readonly=""
      >
        The Great Gatsby
      </textarea>
      <h3
        class="bookauthor"
      >
        by: F. Scott Fitzgerald
      </h3>
    </header>
    <h2
      class="OpinionLoading"
    >
      Loading...
    </h2>
    <footer>
      <button
        class="button bookCard__RateButton"
      >
        Rate this book
      </button>
    </footer>
  </div>
</DocumentFragment>
`;
