// Jest Snapshot v1, https://goo.gl/fbAQLP

exports[`OpinionCreate snapShot: render Opinioncreate 1`] = `
<DocumentFragment>
  <div
    class="opinionCreate opinionCreateCard--grid"
  >
    <header
      class="opinionCreate"
    >
      <h2
        class="opinionCreate opinionCreate__booktitle"
      />
      <h3
        class="opinionCreate opinionCreate__bookauthor"
      >
        by: 
      </h3>
    </header>
    <div
      class="opinionCreate opinionCreate__rate"
    >
      <div
        class="rate_container--flex"
      >
        <div
          class="rate_star empty"
        >
          ★
        </div>
        <div
          class="rate_star empty"
        >
          ★
        </div>
        <div
          class="rate_star empty"
        >
          ★
        </div>
        <div
          class="rate_star empty"
        >
          ★
        </div>
        <div
          class="rate_star empty"
        >
          ★
        </div>
      </div>
      <div
        class="opinionCreate opinionCreate__rateText"
      />
    </div>
    <div
      class="opinionCreate opinionCreate__inputs--grid"
    >
      <textarea
        class="opinionForm__view"
        name="view"
        placeholder="View"
      />
      <input
        class="input"
        name="userName"
        placeholder="UserName"
        value=""
      />
      <div
        class="opinionCreate"
      />
    </div>
    <footer
      class="opinionCreate opinionForm__footer--flex"
    >
      <button
        class="button opinionForm__cancelButon"
      >
        Cancel
      </button>
      <button
        class="button opinionForm__postButton"
      >
        Post
      </button>
    </footer>
  </div>
</DocumentFragment>
`;
