// Jest Snapshot v1, https://goo.gl/fbAQLP

exports[`Book to Create snapShot: render Book Create 1`] = `
<DocumentFragment>
  <div
    class="book-create-form__container--natural book-create-form__container"
  >
    <script>
      #f3f3f4
    </script>
    <form
      action="https://localhost:7152/api/Book"
      class="book-create-form"
      method="POST"
    >
      <input
        class="input input--natural"
        name="title"
        placeholder="Title"
        value=""
      />
      <input
        class="input input--natural"
        name="author"
        placeholder="Author"
        value=""
      />
      <input
        class="input input--natural input__imageUrl--natural"
        name="imageUrl"
        placeholder="Book Image link"
        value=""
      />
      <div
        class="book-create-form__output-card"
      />
      <button
        class="button book-create-form__post-button"
      >
        Create book
      </button>
    </form>
  </div>
</DocumentFragment>
`;
