// Jest Snapshot v1, https://goo.gl/fbAQLP

exports[`Book to Create snapShot: render Book Create 1`] = `
<DocumentFragment>
  <div
    class="bookCreateForm__container"
  >
    <form
      action="https://localhost:7152/api/Book"
      class="bookCreateForm"
      method="POST"
    >
      <input
        class="input"
        name="title"
        placeholder="Title"
        value=""
      />
      <input
        class="input"
        name="author"
        placeholder="Author"
        value=""
      />
      <div
        class="bookCreateForm__output"
      />
      <button
        class="button bookCreateForm__postButton"
      >
        Create book
      </button>
    </form>
  </div>
</DocumentFragment>
`;
