// Jest Snapshot v1, https://goo.gl/fbAQLP

exports[`BookList rendering snapShot: should render BookList 1`] = `
<DocumentFragment>
  <form
    class="search-form--natural"
  >
    <script>
      #f3f3f4
    </script>
    <input
      class="search-form__input"
      name="titleOrAuthor"
      placeholder="Search by Title or Author"
      value="author"
    />
    <h1
      class="bookListSearchContainer--natural"
    >
      author
    </h1>
  </form>
</DocumentFragment>
`;

exports[`BookList rendering snapShot: should render an empty BookList 1`] = `
<DocumentFragment>
  <form
    class="search-form--natural"
  >
    <script>
      #f3f3f4
    </script>
    <input
      class="search-form__input"
      name="titleOrAuthor"
      placeholder="Search by Title or Author"
      value="author"
    />
    <h1
      class="bookListSearchContainer--natural"
    >
      author
    </h1>
  </form>
</DocumentFragment>
`;
