// Jest Snapshot v1, https://goo.gl/fbAQLP

exports[`BookList rendering snapShot: should render BookList 1`] = `
<DocumentFragment>
  <header
    class="BookList--natural books__header--flex"
  >
    <h2
      class="BookList"
    >
      Recommendation of the day
    </h2>
    <h3
      class="BookList"
    />
  </header>
  <main
    class="bookListContainer"
  />
</DocumentFragment>
`;
